// Jest Snapshot v1, https://goo.gl/fbAQLP

exports[`Customization should action post-render-async jobs: (Output File Strategy "members") (Option Group "1") 1`] = `"post render success"`;

exports[`Customization should action pre-render-async jobs: (Output File Strategy "members") (Option Group "1") 1`] = `"post render success"`;

exports[`Customization should insert content from hooks and apply custom theme: (Output File Strategy "members") (Option Group "1") 1`] = `
"> TOP BANNER using \`page.begin\` hook

<div style="display:flex; align-items:center;">
  <img alt="My logo" src="https://placehold.co/100x50" style="margin-right: .5em;" />
  <em>Welcome to typedoc-stubs with a customised header partial!!</em>
</div>

# typedoc-stubs

> CONTENT BANNER using \`content.begin\` hook

Module commments

<Tag type="warning">**Experimental** \`my-package\` is under active development.</Tag>

Some other comments

## Functions

### someFunction()

> **someFunction**(): \`void\`

#### Returns

\`void\`

**Generated using \`page.end\` hook**
"
`;
