// Jest Snapshot v1, https://goo.gl/fbAQLP

exports[`Enum Reflection should compile basic enum: (Output File Strategy "members") (Option Group "1") 1`] = `
"# Enumeration: BasicEnum

Comments for enum

## Enumeration Members

### MemberA

> **MemberA**: \`0\`

Comments for MemberA

#### Source

[enums.ts:12](http://source-url)

***

### MemberB

> **MemberB**: \`1\`

Comments for MemberB

#### Source

[enums.ts:16](http://source-url)
"
`;

exports[`Enum Reflection should compile basic enum: (Output File Strategy "members") (Option Group "2") 1`] = `
"# BasicEnum

Comments for enum

## Enumeration Members

| Enumeration Member | Value | Description |
| :------ | :------ | :------ |
| \`MemberA\` | \`0\` | Comments for MemberA |
| \`MemberB\` | \`1\` | Comments for MemberB |
"
`;

exports[`Enum Reflection should compile enum with values: (Output File Strategy "members") (Option Group "1") 1`] = `
"# Enumeration: EnumWithValues

Comments for enum

## Enumeration Members

### MemberA

> **MemberA**: \`"UP"\`

#### Source

[enums.ts:23](http://source-url)

***

### MemberB

> **MemberB**: \`"DOWN"\`

#### Source

[enums.ts:24](http://source-url)
"
`;

exports[`Enum Reflection should compile enum with values: (Output File Strategy "members") (Option Group "2") 1`] = `
"# EnumWithValues

Comments for enum

## Enumeration Members

| Enumeration Member | Value |
| :------ | :------ |
| \`MemberA\` | \`"UP"\` |
| \`MemberB\` | \`"DOWN"\` |
"
`;
