// Jest Snapshot v1, https://goo.gl/fbAQLP

exports[`Text should get translations for index page: (Output File Strategy "members") (Option Group "1") 1`] = `
"[My API - v0.0](README.md) • API

***

# :tada: Custom Index Title

## Modules

- [module-1](module-1/README.md)
- [module-2](module-2/README.md)
"
`;

exports[`Text should get translations for member page: (Output File Strategy "members") (Option Group "1") 1`] = `
"[My API - v0.0](../../README.md) • API

***

[typedoc-stubs v0.0](../../modules.md) / [module-1](../README.md) / SomeInterface

# SomeInterface

## Properties

| Property | Type | Description |
| :------ | :------ | :------ |
| \`someProp?\` | \`boolean\` | Description for prop someProp |

## My Events

| Event! | Type |
| :------ | :------ |
| \`someEvent\` | \`MouseEvent\` |
"
`;

exports[`Text should get translations for module page: (Output File Strategy "members") (Option Group "1") 1`] = `
"[My API - v0.0](../README.md) • API

***

[typedoc-stubs v0.0](../modules.md) / module-1

# Module - module-1

## Index

### 多变的

- [SomeInterface](interfaces/SomeInterface.md)
"
`;

exports[`Text should get translations for modules page: (Output File Strategy "modules") (Option Group "1") 1`] = `
"[My API - v0.0](README.md) • API

***

[typedoc-stubs v0.0](modules.md) / module-2

# Module - module-2

## CoolVars

### constA

> \`const\` **constA**: \`true\` = \`true\`
"
`;

exports[`Text should get translations for sidebar: (Output File Strategy "members") (Option Group "1") 1`] = `
"[
  {
    "title": "module-1",
    "kind": 2,
    "path": "module-1/README.md",
    "children": [
      {
        "title": "多变的",
        "children": [
          {
            "title": "SomeInterface",
            "kind": 256,
            "path": "module-1/interfaces/SomeInterface.md"
          }
        ]
      }
    ]
  },
  {
    "title": "module-2",
    "kind": 2,
    "path": "module-2/README.md",
    "children": [
      {
        "title": "CoolVars",
        "children": [
          {
            "title": "constA",
            "kind": 32,
            "path": "module-2/variables/constA.md"
          }
        ]
      }
    ]
  }
]"
`;
